Jasper Apps 2022.09p002 64 bits 2022.11.24 12:29:17 UTC

Any disclosure about the Cadence Design Systems software or its use
model to any third party violates the written Non-Disclosure Agreement
between Cadence Design Systems, Inc. and the customer.

THIS SOFTWARE CONTAINS CONFIDENTIAL INFORMATION AND TRADE SECRETS OF
CADENCE DESIGN SYSTEMS, INC. USE, DISCLOSURE, OR REPRODUCTION IS
PROHIBITED WITHOUT THE PRIOR EXPRESS WRITTEN PERMISSION OF CADENCE
DESIGN SYSTEMS, INC.

Copyright (C) 2000-2022 Cadence Design Systems, Inc. All Rights
Reserved.  Unpublished -- rights reserved under the copyright laws of
the United States.

This product includes software developed by others and redistributed
according to license agreement. See doc/third_party_readme.txt for
further details.

RESTRICTED RIGHTS LEGEND

Use, duplication, or disclosure by the Government is subject to
restrictions as set forth in subparagraph (c) (1) (ii) of the Rights in
Technical Data and Computer Software clause at DFARS 252.227-7013 or
subparagraphs (c) (1) and (2) of Commercial Computer Software -- Restricted
Rights at 48 CFR 52.227-19, as applicable.


                          Cadence Design Systems, Inc.
                          2655 Seely Avenue
                          San Jose, CA 95134
                          Phone: 408.943.1234

For technical assistance visit http://support.cadence.com.

Jasper Apps Analysis Session - /home/shivam22478/Desktop/UVM/or_Gate/jgproject/sessionLogs/session_0

WARNING (WG017): [session]: The system's locale is "ISO-8859-1", which is not UTF-8. Non-ASCII characters might not be handled correctly.
WARNING (WG017): [jg_console]: The system's locale is "ISO-8859-1", which is not UTF-8. Non-ASCII characters might not be handled correctly.
INFO: successfully checked out license "jasper_fao".
INFO: reading configuration file "/home/shivam22478/.config/cadence/jasper.conf".
% # ==============================================================================
% # JasperGold Formal Verification Script for or_gate
% # ==============================================================================
% 
% clear -all
INFO (IPF121): Cleared environment completely for new design analysis.
% 
% # Analyze design and assertions
% analyze -sv -f filelists/formal.f
INFO (INL011): Processing "-f" file "/home/shivam22478/Desktop/UVM/or_Gate/filelists/formal.f".
[-- (VERI-1482)] Analyzing Verilog file '/cadence/JASPER2022/lib/verilog/packages/std/std.sv' into library 'std'
[-- (VERI-1482)] Analyzing Verilog file './rtl/or_gate.v'
[-- (VERI-1482)] Analyzing Verilog file './assertions/or_gate_assertions.sv'
% 
% # Elaborate top-level DUT
% elaborate -top or_gate
INFO (ISW003): Top module name is "or_gate".
[INFO (HIER-8002)] ./rtl/or_gate.v(15): Disabling old hierarchical reference handler
[INFO (VERI-1018)] ./assertions/or_gate_assertions.sv(7): compiling module 'or_gate_assertions'
[INFO (VERI-1018)] ./rtl/or_gate.v(6): compiling module 'or_gate'
INFO (INL208): Elaboration synthesis summary:
  Number of synthesized netlists          3 (1 packages)
  Single run mode                         On
  Pipeline                                On (2 pipelined netlists)
  Late hierarchical reference connection  On
  Number of analyzed Verilog modules      3 (3 synthesized)
  Number of analyzed VHDL entities        0 (0 synthesized)
INFO (INL003): Clearing all state information (assumes, stopats, and so forth).
or_gate
[<embedded>] % 
[<embedded>] % # Clock and reset definitions for combinational formal verification
[<embedded>] % clock -none
INFO (ICK008): Enabling clock-free environment.
[<embedded>] % reset -none
INFO (IPM031): Clearing proof results of all properties.
[<embedded>] % 
[<embedded>] % # Prove all assertions and covers
[<embedded>] % prove -all
Ncustom1: Custom engine code is hT3Ng7hPPfiYQOTDZ3qhYOwGAM51eA+J/FjkM5shLioAsqhgLR4Ft+O1BuKG6ilQ83B9tLXSl+CwjiTMAQA
Bcustom2: Custom engine code is hT3NZbhPDfiY2AbBQnsjfOxn6c+6e6yL+/e8fYmWaKaTqwEA
AMcustom3: Custom engine code is hT3Ng7hP/feYQOTDZ3qhYOwGAM51eA+J/FjkM5shLioAsqhgLR4Ft+O1BuKG6ilQ83B9tLXSmmqwm7g9AQA
INFO (IPF036): Starting proof on task: "<embedded>", 19 properties to prove with 0 already proven/unreachable
INFO (IRS029): Starting reset analysis: phase 1 of 4.
INFO (IRS030): Running reset analysis: phase 2 of 4.
INFO (IRS031): Running reset analysis: phase 3 of 4.
INFO (IRS020): Starting the reset analysis simulation with a limit of 100 iterations (phase 4 of 4).
INFO (IRS024): Reset iterations 0 to 4 analyzed.
INFO (IRS018): Reset analysis simulation executed for 3 iterations. Assigned values for 0 of 0 design flops, 0 of 0 design latches, 99 of 99 internal elements.
INFO (IRS039): Reset analysis complete.
INFO (IPF031): Settings used for proof thread 0:
    orchestration                 = on (auto)
    time_limit                    = 86400s
    per_property_time_limit       = 1s * 10 ^ scan
    engine_mode                   = auto
    proofgrid_per_engine_max_jobs = 1
    max engine jobs               = auto
    proofgrid_mode                = local
    proofgrid_restarts            = 10
AMcustom4: Custom engine code is hT3N1rhP11/52HrFRS21ROp2LOjVTgPvT8L8BGXHgLhaIuqtT4nARFjUqrBL+7pLmaTOzBepZW/Jm8SSrHDybSQtoNiO3y43wk+dEoWlsZizu97Fih6O6lPVG/LpWP5SsUPwlGagLNa1FKEFvwVXyX7//8prySbvSxIHXr5er+z4RAEA
Ncustom5: Custom engine code is hT3OXrhPByJp3TrFSTLhUmMH4KVtJgmTCnNDF46yMXOKY48m4LS5nE7yBzFjA7kDuwO/GhGUpEPiky3p3wmPn3dJZHxFMsafSoObRzSC+tn7sEY0WbTdZ/FV4hL3MYH/b1CIUvXSWR4wqEoVLsmMOD4xIPT4lI1LO6ZCO7PnnWQuLwetnvKlrXx6wCW/A+x+enqslg1YPobi4wEF/EvbzOvcTYdJvl2s4H2yZg2b2ofAVN5WvhWk1HoBAA
ADcustom6: Custom engine code is hT3Nv7hPv1752HrFRa2kROx2f/ECJeZB2AZsLdlO8VwmIuqtT4nIDFXclhg+O+o+DMmQCekbheGk0kK28laA9gaOFDXsQp29J3X615HY1IPHJWd6FUFvCHjO+p1k652b5JJvZlShNpGlGSXAiQe/mEAj6tEBAA
Ncustom7: Custom engine code is hT3NR7hPByFp3TrFSTLhUmMH4KWtJglTyV/c51BHEeZWamnJv767nE6PCak26bd3gf3XGN3rIRheufhDieCJQVISo+gNYUKhiUedBKGtsP/a18svAnlMJZudHxDFwK5ufsyoxsIyiAeSY2oi3tEuoDHr5gw42DFKAG3PqO3CEsl8Azzdt3pl5nGA1Ifv2H02eYsFzWb/nfp8PMb3F0krE/EgBcm8TD9Div8BAA
Tricustom8: Custom engine code is hT3Nu7hP3fiYQADBZnYcglNHp9bfd7EOeniIqP/ji8sGLQu8yhsFO+wxJ+O+R0bU8g/IewXFomyos+viQnWc2xYNYmMqpo3i40O7DaZR7qfp4YqNx26KRvQ/qx0BAA
0.0.PRE: A proof was found: No trace exists. [0.00 s]
INFO (IPF057): 0.0.PRE: The property "or_gate.u_or_gate_assertions.assert_truth_00" was proven in 0.00 s.
0.0.PRE: A proof was found: No trace exists. [0.00 s]
INFO (IPF057): 0.0.PRE: The property "or_gate.u_or_gate_assertions.assert_equiv" was proven in 0.00 s.
0.0.PRE: A proof was found: No trace exists. [0.00 s]
INFO (IPF057): 0.0.PRE: The property "or_gate.u_or_gate_assertions.assert_dominance_a" was proven in 0.00 s.
0.0.PRE: A proof was found: No trace exists. [0.00 s]
INFO (IPF057): 0.0.PRE: The property "or_gate.u_or_gate_assertions.assert_dominance_b" was proven in 0.00 s.
0: Found proofs for 4 properties in preprocessing
0: Using multistage preprocessing
0: Starting reduce
0: Finished reduce in 0s
0.0.PRE: Performing Proof Simplification...
0.0.N: clocks: 3, declared: 1, looping: 0, posedge: 3, negedge: 0, noedge: 0, bothedge: 0
0.0.N: Proof Simplification Iteration 1	[0.00 s]
0.0.PRE: A proof was found: No trace exists. [0.00 s]
INFO (IPF057): 0.0.PRE: The property "or_gate.u_or_gate_assertions.assert_truth_01" was proven in 0.00 s.
0.0.PRE: A proof was found: No trace exists. [0.00 s]
INFO (IPF057): 0.0.PRE: The property "or_gate.u_or_gate_assertions.assert_truth_10" was proven in 0.00 s.
0.0.PRE: A proof was found: No trace exists. [0.00 s]
INFO (IPF057): 0.0.PRE: The property "or_gate.u_or_gate_assertions.assert_truth_11" was proven in 0.00 s.
0.0.N: Proof Simplification Iteration 2	[0.00 s]
0.0.PRE: A proof was found: No trace exists. [0.00 s]
INFO (IPF057): 0.0.PRE: The property ":noDeadEnd" was proven in 0.00 s.
    Use check_assumptions -show -dead_end to show this property in the property table.
0.0.PRE: A proof was found: No trace exists. [0.00 s]
INFO (IPF057): 0.0.PRE: The property ":noConflict" was proven in 0.00 s.
    Use check_assumptions -show to show this property in the property table.
INFO (IPF047): 0.0.PRE: The cover property ":live" was covered in 1 cycles in 0.00 s.
    Use check_assumptions -show -live to show this property in the property table.
0.0.PRE: Proof Simplification completed in 0.00 s
0: About to start ProofGrid in its own thread with a limit of 10000 pending notifications and a limit of 10 traces.
0: =============================== ProofGrid start ===============================
0: ProofGrid usable level: 12
0: ProofGrid is starting event handling
0.0.N: Proofgrid shell started at 132331@edatools-server1.iiitd.edu.in(local) jg_131704_edatools-server1.iiitd.edu.in_1
0.0.N: clocks: 1, declared: 1, looping: 0, posedge: 1, negedge: 0, noedge: 0, bothedge: 0
0.0.N: Next scan (0) will use per property time limit: 1s * 10 ^ 0 = 1s
0.0.N: Starting proof for property "or_gate.u_or_gate_assertions.assert_truth_00:precondition1"	[0.00 s].
0.0.N: Trace Attempt  1	[0.00 s]
0.0.N: A trace with 1 cycles was found. [0.00 s]
INFO (IPF047): 0.0.N: The cover property "or_gate.u_or_gate_assertions.assert_truth_00:precondition1" was covered in 1 cycles in 0.01 s.
INFO (IPF047): 0.0.N: The cover property "or_gate.u_or_gate_assertions.cover_case_00" was covered in 1 cycles in 0.01 s by the incidental trace "or_gate.u_or_gate_assertions.assert_truth_00:precondition1".
0.0.N: Stopped processing property "or_gate.u_or_gate_assertions.assert_truth_00:precondition1"	[0.01 s].
0.0.N: Starting proof for property "or_gate.u_or_gate_assertions.assert_truth_01:precondition1"	[0.00 s].
0.0.N: Trace Attempt  1	[0.00 s]
0.0.N: A trace with 1 cycles was found. [0.00 s]
INFO (IPF047): 0.0.N: The cover property "or_gate.u_or_gate_assertions.assert_truth_01:precondition1" was covered in 1 cycles in 0.00 s.
INFO (IPF047): 0.0.N: The cover property "or_gate.u_or_gate_assertions.assert_dominance_b:precondition1" was covered in 1 cycles in 0.00 s by the incidental trace "or_gate.u_or_gate_assertions.assert_truth_01:precondition1".
INFO (IPF047): 0.0.N: The cover property "or_gate.u_or_gate_assertions.cover_case_01" was covered in 1 cycles in 0.00 s by the incidental trace "or_gate.u_or_gate_assertions.assert_truth_01:precondition1".
0.0.N: Stopped processing property "or_gate.u_or_gate_assertions.assert_truth_01:precondition1"	[0.00 s].
0.0.N: Starting proof for property "or_gate.u_or_gate_assertions.assert_truth_10:precondition1"	[0.00 s].
0.0.N: Trace Attempt  1	[0.00 s]
0.0.N: A trace with 1 cycles was found. [0.00 s]
INFO (IPF047): 0.0.N: The cover property "or_gate.u_or_gate_assertions.assert_truth_10:precondition1" was covered in 1 cycles in 0.00 s.
INFO (IPF047): 0.0.N: The cover property "or_gate.u_or_gate_assertions.assert_dominance_a:precondition1" was covered in 1 cycles in 0.00 s by the incidental trace "or_gate.u_or_gate_assertions.assert_truth_10:precondition1".
INFO (IPF047): 0.0.N: The cover property "or_gate.u_or_gate_assertions.cover_case_10" was covered in 1 cycles in 0.00 s by the incidental trace "or_gate.u_or_gate_assertions.assert_truth_10:precondition1".
0.0.N: Stopped processing property "or_gate.u_or_gate_assertions.assert_truth_10:precondition1"	[0.00 s].
0.0.N: Starting proof for property "or_gate.u_or_gate_assertions.assert_truth_11:precondition1"	[0.00 s].
0.0.N: Trace Attempt  1	[0.00 s]
0.0.N: A trace with 1 cycles was found. [0.00 s]
INFO (IPF047): 0.0.N: The cover property "or_gate.u_or_gate_assertions.assert_truth_11:precondition1" was covered in 1 cycles in 0.00 s.
INFO (IPF047): 0.0.N: The cover property "or_gate.u_or_gate_assertions.cover_case_11" was covered in 1 cycles in 0.00 s by the incidental trace "or_gate.u_or_gate_assertions.assert_truth_11:precondition1".
0.0.N: Stopped processing property "or_gate.u_or_gate_assertions.assert_truth_11:precondition1"	[0.00 s].
0.0.N: Starting proof for property "or_gate.u_or_gate_assertions.cover_toggle_out_high"	[0.00 s].
0.0.N: Trace Attempt  1	[0.00 s]
0.0.N: A max_length bound was found. The shortest trace is no longer than 8 cycles. [0.00 s]
INFO (IPF008): 0.0.N: A max_length bound of 8 was found for the property "or_gate.u_or_gate_assertions.cover_toggle_out_high" in 0.00 s.
0.0.N: Trace Attempt  2	[0.00 s]
0.0.N: Trace Attempt  2	[0.00 s]
0.0.N: A trace with 2 cycles was found. [0.00 s]
INFO (IPF047): 0.0.N: The cover property "or_gate.u_or_gate_assertions.cover_toggle_out_high" was covered in 2 cycles in 0.00 s.
0.0.N: Stopped processing property "or_gate.u_or_gate_assertions.cover_toggle_out_high"	[0.00 s].
0.0.N: Last scan. Per property time limit: 0s
0.0.N: Starting proof for property "or_gate.u_or_gate_assertions.cover_toggle_out_low"	[0.00 s].
0.0.N: Trace Attempt  1	[0.00 s]
0.0.N: A max_length bound was found. The shortest trace is no longer than 8 cycles. [0.00 s]
INFO (IPF008): 0.0.N: A max_length bound of 8 was found for the property "or_gate.u_or_gate_assertions.cover_toggle_out_low" in 0.00 s.
0.0.N: Trace Attempt  2	[0.00 s]
0.0.N: Trace Attempt  2	[0.00 s]
0.0.N: Requesting engine job to stop
INFO (IPF144): 0: Initiating shutdown of proof [0.01 s]
0: ProofGrid is temporarily paused because there are too many pending traces.
0: ProofGrid is resuming to work after pausing for 0s. The amount of pending traces decreased.
0.0.N: A trace with 2 cycles was found. [0.00 s]
INFO (IPF047): 0.0.N: The cover property "or_gate.u_or_gate_assertions.cover_toggle_out_low" was covered in 2 cycles in 0.00 s.
0.0.N: Stopped processing property "or_gate.u_or_gate_assertions.cover_toggle_out_low"	[0.00 s].
0.0.N: All properties determined. [0.00 s]
0.0.N: Exited with Success (@ 0.01 s)
0: ProofGrid usable level: 0
0.0.Hp: Proofgrid shell started at 132336@edatools-server1.iiitd.edu.in(local) jg_131704_edatools-server1.iiitd.edu.in_1
0.0.Hp: Requesting engine job to terminate
0.0.Hp: Preventing job from starting because proof is shutting down.
0.0.Hp: Requesting engine job to terminate
0.0.Hp: Interrupted. [0.00 s]
0.0.Hp: Exited with Success (@ 0.01 s)
0.0.B: Proofgrid shell started at 132401@edatools-server1.iiitd.edu.in(local) jg_131704_edatools-server1.iiitd.edu.in_1
0.0.B: Requesting engine job to terminate
0.0.Ht: Proofgrid shell started at 132400@edatools-server1.iiitd.edu.in(local) jg_131704_edatools-server1.iiitd.edu.in_1
0.0.Ht: Requesting engine job to terminate
0.0.Ht: Preventing job from starting because proof is shutting down.
0.0.Ht: Requesting engine job to terminate
0.0.Ht: Interrupted. [0.00 s]
0.0.B: Preventing job from starting because proof is shutting down.
0.0.B: Requesting engine job to terminate
0.0.B: Interrupted. [0.00 s]
0.0.B: Exited with Success (@ 0.09 s)
0.0.Ht: Exited with Success (@ 0.09 s)
0: --------------------------------------------------------------
ProofGrid Summary (utilization 2.60 %)
--------------------------------------------------------------
     engines started                               :     4
     engine jobs started                           :     4

    Average time in state (seconds)
    ------------------------------------------------------
    Engine  Pending     Running        Dead    Utilization
    ------------------------------------------------------
      N        0.07        0.01        0.00       11.34 %
     Hp        0.08        0.00        0.00        0.00 %
     Ht        0.09        0.00        0.00        0.00 %
      B        0.08        0.00        0.00        0.00 %
    all        0.08        0.00        0.00        2.60 %

    Total time in state (seconds)
    -----------------------------------------
            Pending     Running        Dead  
    -----------------------------------------
               0.31        0.01        0.00

    Data read    : 3.45 kiB
    Data written : 1.26 kiB

0: All pending notifications were processed.
INFO (IPF059): Completed proof on task: "<embedded>" for proof thread 0

==============================================================
SUMMARY
==============================================================
           Properties Considered              : 19
                 assertions                   : 7
                  - proven                    : 7 (100%)
                  - bounded_proven (user)     : 0 (0%)
                  - bounded_proven (auto)     : 0 (0%)
                  - marked_proven             : 0 (0%)
                  - cex                       : 0 (0%)
                  - ar_cex                    : 0 (0%)
                  - undetermined              : 0 (0%)
                  - unknown                   : 0 (0%)
                  - error                     : 0 (0%)
                 covers                       : 12
                  - unreachable               : 0 (0%)
                  - bounded_unreachable (user): 0 (0%)
                  - covered                   : 12 (100%)
                  - ar_covered                : 0 (0%)
                  - undetermined              : 0 (0%)
                  - unknown                   : 0 (0%)
                  - error                     : 0 (0%)
determined
[<embedded>] % 
[<embedded>] % # Report proof results
[<embedded>] % report -summary

==============================================================
    Jasper Verification Results
==============================================================
    2022.09p002 64 bits for Linux64 3.10.0-1160.21.1.el7.x86_64
    Host Name: edatools-server2
    User Name: shivam22478
    Printed on: Monday, Oct 5, 2026 12:56:55 AM IST
    Working Directory: /home/shivam22478/Desktop/UVM/or_Gate


==============================================================
SUMMARY
==============================================================
    Total Tasks           : 1
    Total Properties      : 19
          assumptions     : 0                   
           - approved     : 0                   
           - temporary    : 0                   
          assertions      : 7                   
           - proven       : 7                   ( 100.0% )
           - marked_proven: 0                   ( 0.0% )
           - cex          : 0                   ( 0.0% )
           - ar_cex       : 0                   ( 0.0% )
           - undetermined : 0                   ( 0.0% )
           - unprocessed  : 0                   ( 0.0% )
           - error        : 0                   ( 0.0% )
          covers          : 12                  
           - unreachable  : 0                   ( 0.0% )
           - covered      : 12                  ( 100.0% )
           - ar_covered   : 0                   ( 0.0% )
           - undetermined : 0                   ( 0.0% )
           - unprocessed  : 0                   ( 0.0% )
           - error        : 0                   ( 0.0% )
[<embedded>] % report -results

==============================================================
    Jasper Verification Results
==============================================================
    2022.09p002 64 bits for Linux64 3.10.0-1160.21.1.el7.x86_64
    Host Name: edatools-server2
    User Name: shivam22478
    Printed on: Monday, Oct 5, 2026 12:56:55 AM IST
    Working Directory: /home/shivam22478/Desktop/UVM/or_Gate


==============================================================
RESULTS
==============================================================

--------------------------------------------------------------------------------------------------------------------------
       Name                                                              |    Result    |  Engine  |  Bound  |  Time    
--------------------------------------------------------------------------------------------------------------------------

---[ <embedded> ]---------------------------------------------------------------------------------------------------------
[1]   or_gate.u_or_gate_assertions.assert_truth_00                            proven          PRE    Infinite    0.000 s      
[2]   or_gate.u_or_gate_assertions.assert_truth_00:precondition1              covered         N             1    0.006 s      
[3]   or_gate.u_or_gate_assertions.assert_truth_01                            proven          PRE    Infinite    0.000 s      
[4]   or_gate.u_or_gate_assertions.assert_truth_01:precondition1              covered         N             1    0.000 s      
[5]   or_gate.u_or_gate_assertions.assert_truth_10                            proven          PRE    Infinite    0.000 s      
[6]   or_gate.u_or_gate_assertions.assert_truth_10:precondition1              covered         N             1    0.000 s      
[7]   or_gate.u_or_gate_assertions.assert_truth_11                            proven          PRE    Infinite    0.000 s      
[8]   or_gate.u_or_gate_assertions.assert_truth_11:precondition1              covered         N             1    0.000 s      
[9]   or_gate.u_or_gate_assertions.assert_equiv                               proven          PRE    Infinite    0.000 s      
[10]  or_gate.u_or_gate_assertions.assert_dominance_a                         proven          PRE    Infinite    0.000 s      
[11]  or_gate.u_or_gate_assertions.assert_dominance_a:precondition1           covered         N             1    0.000 s      
[12]  or_gate.u_or_gate_assertions.assert_dominance_b                         proven          PRE    Infinite    0.000 s      
[13]  or_gate.u_or_gate_assertions.assert_dominance_b:precondition1           covered         N             1    0.000 s      
[14]  or_gate.u_or_gate_assertions.cover_case_00                              covered         N             1    0.006 s      
[15]  or_gate.u_or_gate_assertions.cover_case_01                              covered         N             1    0.000 s      
[16]  or_gate.u_or_gate_assertions.cover_case_10                              covered         N             1    0.000 s      
[17]  or_gate.u_or_gate_assertions.cover_case_11                              covered         N             1    0.000 s      
[18]  or_gate.u_or_gate_assertions.cover_toggle_out_high                      covered         N             2    0.001 s      
[19]  or_gate.u_or_gate_assertions.cover_toggle_out_low                       covered         N             2    0.000 s      
[<embedded>] % 
[<embedded>] % exit
[<embedded>] % INFO (IPL005): Received request to exit from the console.
INFO: Waiting for proof threads to stop...
INFO: Proof threads stopped.
INFO (IPL018): The peak resident set memory use for this session was 0.349 GB.
INFO (IPL014): Waiting for the Tcl-thread to exit.
INFO (IPL015): The Tcl-thread exited with status 0.
INFO (IPL016): Exiting the analysis session with status 0.
